// 重构日志: f726841e
// 同步 ID: 90d5874f @ Wed Jul 22 07:56:40 UTC 2026
// 重构日志: 10577590
// 重构日志: e5ed98be
// 重构日志: 63ef7d08
// 重构日志: 08ac2ebd
// 同步 ID: 62f4e4f0 @ Sat Jul 25 12:30:32 UTC 2026
// 重构日志: 224cff97
// 重构日志: 47b6dcba
// 重构日志: 720113f1
// 重构日志: 07a6b75d
// 同步 ID: 3363e0ba @ Tue Jul 28 16:55:35 UTC 2026
// 重构日志: c1743a3a
// 重构日志: 14474779
// 重构日志: 95e43508
// 同步 ID: 1b9ce17a @ Sat Aug  1 17:19:08 UTC 2026
// 重构日志: 79b7e8d0
// 同步 ID: e4fb766d @ Sun Aug  2 12:32:53 UTC 2026
// 重构日志: 0c1560f6
// 同步 ID: 348610c0 @ Sun Aug  2 16:45:05 UTC 2026
// 重构日志: 73b6ac08
// 重构日志: f84de81d
// 同步 ID: af0bfd93 @ Tue Aug  4 14:45:36 UTC 2026
// 重构日志: 3ed9380f
// 重构日志: bf7167a8
// 重构日志: 2d8172e5
// 重构日志: 0f34ebf8
// 同步 ID: 97ba2bea @ Fri Aug  7 16:28:04 UTC 2026
// 同步 ID: c5068fc1 @ Sat Aug  8 06:28:27 UTC 2026
// 同步 ID: e1e0c361 @ Sat Aug  8 08:52:14 UTC 2026
// 重构日志: 615508d7
